<html>
<body>
<pre>
<h1>µVision Build Log</h1>
<h2>Project:</h2>
C:\Users\Administrator\Desktop\github\PID\SDK\lwip_gnu.uvproj
Project File Date:  07/13/2016

<h2>Output:</h2>
Build target 'pid'
linking...
Program Size: Code=59104 RO-data=900 RW-data=1504 ZI-data=49280  
FromELF: creating hex file...
".\obj\lwip_gnu.axf" - 0 Error(s), 0 Warning(s).
Build target 'pid'
linking...
Program Size: Code=59104 RO-data=900 RW-data=1504 ZI-data=49280  
FromELF: creating hex file...
".\obj\lwip_gnu.axf" - 0 Error(s), 0 Warning(s).
Build target 'pid'
linking...
Program Size: Code=59104 RO-data=900 RW-data=1504 ZI-data=49280  
FromELF: creating hex file...
".\obj\lwip_gnu.axf" - 0 Error(s), 0 Warning(s).
Build target 'pid'
linking...
Program Size: Code=59104 RO-data=900 RW-data=1504 ZI-data=49280  
FromELF: creating hex file...
".\obj\lwip_gnu.axf" - 0 Error(s), 0 Warning(s).
Build target 'pid'
linking...
Program Size: Code=59104 RO-data=900 RW-data=1504 ZI-data=49280  
FromELF: creating hex file...
".\obj\lwip_gnu.axf" - 0 Error(s), 0 Warning(s).
